[INFO] Scanning for projects...
[INFO] 
[INFO] -----------------------< com.app:salesmasterpro >-----------------------
[INFO] Building SalesMasterPro 1.0.0
[INFO]   from pom.xml
[INFO] --------------------------------[ jar ]---------------------------------
[INFO] 
[INFO] --- compiler:3.11.0:compile (default-cli) @ salesmasterpro ---
[INFO] Changes detected - recompiling the module! :source
[INFO] Compiling 114 source files with javac [debug release 17] to target\classes
[INFO] -------------------------------------------------------------
[ERROR] COMPILATION ERROR : 
[INFO] -------------------------------------------------------------
[ERROR] /C:/Users/PC/IdeaProjects/emsx_BDIII/src/main/java/com/app/salesmasterpro/services/impl/PedidoServiceImpl.java:[37,26] ';' expected
[ERROR] /C:/Users/PC/IdeaProjects/emsx_BDIII/src/main/java/com/app/salesmasterpro/services/impl/PedidoServiceImpl.java:[37,27] invalid method declaration; return type required
[INFO] 2 errors 
[INFO] -------------------------------------------------------------
[INFO] ------------------------------------------------------------------------
[INFO] BUILD FAILURE
[INFO] ------------------------------------------------------------------------
[INFO] Total time:  2.227 s
[INFO] Finished at: 2025-12-14T20:25:27-04:00
[INFO] ------------------------------------------------------------------------
[ERROR] Failed to execute goal org.apache.maven.plugins:maven-compiler-plugin:3.11.0:compile (default-cli) on project salesmasterpro: Compilation failure: Compilation failure: 
[ERROR] /C:/Users/PC/IdeaProjects/emsx_BDIII/src/main/java/com/app/salesmasterpro/services/impl/PedidoServiceImpl.java:[37,26] ';' expected
[ERROR] /C:/Users/PC/IdeaProjects/emsx_BDIII/src/main/java/com/app/salesmasterpro/services/impl/PedidoServiceImpl.java:[37,27] invalid method declaration; return type required
[ERROR] -> [Help 1]
[ERROR] 
[ERROR] To see the full stack trace of the errors, re-run Maven with the -e switch.
[ERROR] Re-run Maven using the -X switch to enable full debug logging.
[ERROR] 
[ERROR] For more information about the errors and possible solutions, please read the following articles:
[ERROR] [Help 1] http://cwiki.apache.org/confluence/display/MAVEN/MojoFailureException
